com/company/test/pages/EATSA_iOS/EnterYourNameAlertPage.class
com/company/test/pages/EATSA_iOS/AlertsPage.class
com/company/test/pages/EATSA_iOS/LoginPage.class
com/company/test/steps/EATSA/AlertsSteps.class
com/company/test/steps/EATSA/MainMenuSteps.class
com/company/test/steps/EATSA/OrderHistorySteps.class
com/company/test/steps/EATSA/ForceCustomizeSteps.class
com/company/test/steps/EATSA/ConfigurationSteps.class
com/company/test/pages/EATSA_iOS/UserInformationPage.class
com/company/test/pages/EATSA_iOS/CheckOutPage.class
com/company/test/steps/EATSA/EatsaUtilsSteps.class
com/company/test/pages/EATSA_iOS/EatsaUtilsPage.class
com/company/test/steps/EATSA/SpecialInstructionsSteps.class
com/company/test/steps/EATSA/PartnersSteps.class
com/company/test/pages/EATSA_iOS/CartPage.class
com/company/test/pages/EATSA_iOS/ItemDetailsPage.class
com/company/test/steps/EATSA/CheckOutSteps.class
com/company/test/steps/EATSA/LoginSteps.class
com/company/test/steps/EATSA/CartSteps.class
com/company/test/pages/EATSA_iOS/ConfirmationPage.class
com/company/test/pages/EATSA_iOS/SpecialInstructionsPage.class
com/company/test/steps/EATSA/ConfirmationSteps.class
com/company/test/steps/EATSA/ItemListSteps.class
com/company/test/pages/EATSA_iOS/OrderHistoryPage.class
com/company/test/pages/EATSA_iOS/ForceCustomizePage.class
com/company/test/steps/EATSA/OutOfStockSteps.class
com/company/test/steps/EATSA/ItemDetailsSteps.class
com/company/test/steps/EATSA/LogOutSteps.class
com/company/test/pages/EATSA_iOS/LogOutAlertPage.class
com/company/test/pages/EATSA_iOS/MainMenuPage.class
com/company/test/pages/EATSA_iOS/PartnersPage.class
com/company/test/pages/EATSA_iOS/ItemListPage.class
com/company/test/runner/TestRunner.class
com/company/test/steps/common/MobileSteps.class
com/company/test/steps/EATSA/UserInformationSteps.class
com/company/test/pages/EATSA_iOS/ConfigurationPage.class
