/Users/nsilvestre/Documents/AutomationConcept/Automation-UITests/src/test/java/com/company/test/pages/EATSA_iOS/UserInformationPage.java
/Users/nsilvestre/Documents/AutomationConcept/Automation-UITests/src/test/java/com/company/test/runner/TestRunner.java
/Users/nsilvestre/Documents/AutomationConcept/Automation-UITests/src/test/java/com/company/test/steps/EATSA/OrderHistorySteps.java
/Users/nsilvestre/Documents/AutomationConcept/Automation-UITests/src/test/java/com/company/test/steps/EATSA/ConfirmationSteps.java
/Users/nsilvestre/Documents/AutomationConcept/Automation-UITests/src/test/java/com/company/test/pages/EATSA_iOS/ItemDetailsPage.java
/Users/nsilvestre/Documents/AutomationConcept/Automation-UITests/src/test/java/com/company/test/pages/EATSA_iOS/OrderHistoryPage.java
/Users/nsilvestre/Documents/AutomationConcept/Automation-UITests/src/test/java/com/company/test/steps/EATSA/CheckOutSteps.java
/Users/nsilvestre/Documents/AutomationConcept/Automation-UITests/src/test/java/com/company/test/steps/EATSA/LogOutSteps.java
/Users/nsilvestre/Documents/AutomationConcept/Automation-UITests/src/test/java/com/company/test/steps/EATSA/MainMenuSteps.java
/Users/nsilvestre/Documents/AutomationConcept/Automation-UITests/src/test/java/com/company/test/steps/EATSA/LoginSteps.java
/Users/nsilvestre/Documents/AutomationConcept/Automation-UITests/src/test/java/com/company/test/steps/EATSA/SpecialInstructionsSteps.java
/Users/nsilvestre/Documents/AutomationConcept/Automation-UITests/src/test/java/com/company/test/pages/EATSA_iOS/LoginPage.java
/Users/nsilvestre/Documents/AutomationConcept/Automation-UITests/src/test/java/com/company/test/pages/EATSA_iOS/AlertsPage.java
/Users/nsilvestre/Documents/AutomationConcept/Automation-UITests/src/test/java/com/company/test/pages/EATSA_iOS/EatsaUtilsPage.java
/Users/nsilvestre/Documents/AutomationConcept/Automation-UITests/src/test/java/com/company/test/pages/EATSA_iOS/CartPage.java
/Users/nsilvestre/Documents/AutomationConcept/Automation-UITests/src/test/java/com/company/test/steps/EATSA/ItemDetailsSteps.java
/Users/nsilvestre/Documents/AutomationConcept/Automation-UITests/src/test/java/com/company/test/steps/EATSA/UserInformationSteps.java
/Users/nsilvestre/Documents/AutomationConcept/Automation-UITests/src/test/java/com/company/test/pages/EATSA_iOS/EnterYourNameAlertPage.java
/Users/nsilvestre/Documents/AutomationConcept/Automation-UITests/src/test/java/com/company/test/pages/EATSA_iOS/ItemListPage.java
/Users/nsilvestre/Documents/AutomationConcept/Automation-UITests/src/test/java/com/company/test/pages/EATSA_iOS/SpecialInstructionsPage.java
/Users/nsilvestre/Documents/AutomationConcept/Automation-UITests/src/test/java/com/company/test/pages/EATSA_iOS/ConfirmationPage.java
/Users/nsilvestre/Documents/AutomationConcept/Automation-UITests/src/test/java/com/company/test/pages/EATSA_iOS/ForceCustomizePage.java
/Users/nsilvestre/Documents/AutomationConcept/Automation-UITests/src/test/java/com/company/test/steps/EATSA/CartSteps.java
/Users/nsilvestre/Documents/AutomationConcept/Automation-UITests/src/test/java/com/company/test/steps/EATSA/AlertsSteps.java
/Users/nsilvestre/Documents/AutomationConcept/Automation-UITests/src/test/java/com/company/test/steps/EATSA/EatsaUtilsSteps.java
/Users/nsilvestre/Documents/AutomationConcept/Automation-UITests/src/test/java/com/company/test/steps/EATSA/ForceCustomizeSteps.java
/Users/nsilvestre/Documents/AutomationConcept/Automation-UITests/src/test/java/com/company/test/steps/EATSA/ConfigurationSteps.java
/Users/nsilvestre/Documents/AutomationConcept/Automation-UITests/src/test/java/com/company/test/pages/EATSA_iOS/LogOutAlertPage.java
/Users/nsilvestre/Documents/AutomationConcept/Automation-UITests/src/test/java/com/company/test/steps/EATSA/PartnersSteps.java
/Users/nsilvestre/Documents/AutomationConcept/Automation-UITests/src/test/java/com/company/test/pages/EATSA_iOS/CheckOutPage.java
/Users/nsilvestre/Documents/AutomationConcept/Automation-UITests/src/test/java/com/company/test/pages/EATSA_iOS/ConfigurationPage.java
/Users/nsilvestre/Documents/AutomationConcept/Automation-UITests/src/test/java/com/company/test/steps/common/MobileSteps.java
/Users/nsilvestre/Documents/AutomationConcept/Automation-UITests/src/test/java/com/company/test/pages/EATSA_iOS/PartnersPage.java
/Users/nsilvestre/Documents/AutomationConcept/Automation-UITests/src/test/java/com/company/test/pages/EATSA_iOS/MainMenuPage.java
/Users/nsilvestre/Documents/AutomationConcept/Automation-UITests/src/test/java/com/company/test/steps/EATSA/OutOfStockSteps.java
/Users/nsilvestre/Documents/AutomationConcept/Automation-UITests/src/test/java/com/company/test/steps/EATSA/ItemListSteps.java
