/Users/nsilvestre/Documents/AutomationConcept/Automation-UITests/src/main/java/com/company/framework/constants/Constants.java
/Users/nsilvestre/Documents/AutomationConcept/Automation-UITests/src/main/java/com/company/framework/pageobject/BasePO.java
/Users/nsilvestre/Documents/AutomationConcept/Automation-UITests/src/main/java/com/company/framework/base/BaseUtil.java
/Users/nsilvestre/Documents/AutomationConcept/Automation-UITests/src/main/java/com/company/framework/utils/Field.java
/Users/nsilvestre/Documents/AutomationConcept/Automation-UITests/src/main/java/com/company/framework/utils/ZipFiles.java
/Users/nsilvestre/Documents/AutomationConcept/Automation-UITests/src/main/java/com/company/framework/constants/EatsaCons.java
/Users/nsilvestre/Documents/AutomationConcept/Automation-UITests/src/main/java/com/company/framework/utils/APIUtils.java
/Users/nsilvestre/Documents/AutomationConcept/Automation-UITests/src/main/java/com/company/framework/utils/ImageFinder.java
/Users/nsilvestre/Documents/AutomationConcept/Automation-UITests/src/main/java/com/company/framework/utils/JsonConfigReader.java
/Users/nsilvestre/Documents/AutomationConcept/Automation-UITests/src/main/java/com/company/framework/base/Framework.java
/Users/nsilvestre/Documents/AutomationConcept/Automation-UITests/src/main/java/com/company/framework/constants/Global.java
/Users/nsilvestre/Documents/AutomationConcept/Automation-UITests/src/main/java/com/company/framework/pageobject/MobileBasePO.java
/Users/nsilvestre/Documents/AutomationConcept/Automation-UITests/src/main/java/com/company/framework/utils/StringUtils.java
/Users/nsilvestre/Documents/AutomationConcept/Automation-UITests/src/main/java/com/company/framework/base/DeviceFactory.java
/Users/nsilvestre/Documents/AutomationConcept/Automation-UITests/src/main/java/com/company/framework/utils/Utility.java
/Users/nsilvestre/Documents/AutomationConcept/Automation-UITests/src/main/java/com/company/framework/utils/JsonReader.java
/Users/nsilvestre/Documents/AutomationConcept/Automation-UITests/src/main/java/com/company/framework/constants/OutOfStockCons.java
/Users/nsilvestre/Documents/AutomationConcept/Automation-UITests/src/main/java/com/company/framework/utils/Context.java
